conditions:
- lastProbeTime: null
  lastTransitionTime: null
  status: "True"
  type: PodScheduled
- lastProbeTime: null
  lastTransitionTime: "2012-12-12T12:12:12Z"
  status: "False"
  type: Initialized
- lastProbeTime: null
  lastTransitionTime: "2012-12-12T12:12:12Z"
  status: "False"
  type: Ready
containerStatuses:
- containerID: vz://f4d693b914345df9efd05dd4e35cd9e0dbefbd558128df0b6fa70510b030daf9
  image: localhost:5000/macos:latest
  imageID: ""
  lastState: {}
  name: container-0
  ready: false
  restartCount: 0
  started: false
  state:
    waiting:
      message: VM is starting
      reason: Starting
- containerID: docker://39cd7df0a4d10da5974fc8cd023d4b7caa7cc2f44907b44548e5b74806be080e
  image: localhost:5000/sidecar:1.27.1
  imageID: ""
  lastState: {}
  name: container-1
  ready: true
  restartCount: 0
  started: true
  state:
    running:
      startedAt: "2012-12-12T12:12:12Z"
hostIP: 10.0.0.1
phase: Pending
startTime: "2012-12-12T12:12:12Z"
